******************************************************************************
                  MSP430 Linker PC v3.3.3                      
******************************************************************************
>> Linked Mon Apr 18 13:07:51 2011

OUTPUT FILE NAME:   <RO_PINOSC_TA0_WDTp_One_Button_Compact.out>
ENTRY POINT SYMBOL: "_c_int00"  address: 0000e1c0


MEMORY CONFIGURATION

         name            origin    length      used     unused   attr    fill
----------------------  --------  ---------  --------  --------  ----  --------
  SFR                   00000000   00000010  00000000  00000010  RWIX
  PERIPHERALS_8BIT      00000010   000000f0  00000000  000000f0  RWIX
  PERIPHERALS_16BIT     00000100   00000100  00000000  00000100  RWIX
  RAM                   00000200   00000100  00000062  0000009e  RWIX
  INFOD                 00001000   00000040  00000000  00000040  RWIX
  INFOC                 00001040   00000040  00000000  00000040  RWIX
  INFOB                 00001080   00000040  00000000  00000040  RWIX
  INFOA                 000010c0   00000040  00000000  00000040  RWIX
  FLASH                 0000e000   00001fe0  00000254  00001d8c  RWIX
  INT00                 0000ffe0   00000002  00000000  00000002  RWIX
  INT01                 0000ffe2   00000002  00000000  00000002  RWIX
  INT02                 0000ffe4   00000002  00000000  00000002  RWIX
  INT03                 0000ffe6   00000002  00000000  00000002  RWIX
  INT04                 0000ffe8   00000002  00000000  00000002  RWIX
  INT05                 0000ffea   00000002  00000000  00000002  RWIX
  INT06                 0000ffec   00000002  00000000  00000002  RWIX
  INT07                 0000ffee   00000002  00000000  00000002  RWIX
  INT08                 0000fff0   00000002  00000000  00000002  RWIX
  INT09                 0000fff2   00000002  00000002  00000000  RWIX
  INT10                 0000fff4   00000002  00000002  00000000  RWIX
  INT11                 0000fff6   00000002  00000000  00000002  RWIX
  INT12                 0000fff8   00000002  00000000  00000002  RWIX
  INT13                 0000fffa   00000002  00000000  00000002  RWIX
  INT14                 0000fffc   00000002  00000000  00000002  RWIX
  RESET                 0000fffe   00000002  00000002  00000000  RWIX


SECTION ALLOCATION MAP

 output                                  attributes/
section   page    origin      length       input sections
--------  ----  ----------  ----------   ----------------
.cinit     0    0000e000    00000000     UNINITIALIZED

.pinit     0    0000e000    00000000     UNINITIALIZED

.bss       0    00000200    00000012     UNINITIALIZED
                  00000200    0000000a     main.obj (.bss)
                  0000020a    00000004     rts430.lib : _lock.obj (.bss)
                  0000020e    00000004                : boot.obj (.bss)

.stack     0    000002b0    00000050     UNINITIALIZED
                  000002b0    00000002     rts430.lib : boot.obj (.stack)
                  000002b2    0000004e     --HOLE--

.text      0    0000e000    0000023e     
                  0000e000    0000012a     CTS_HAL.obj (.text:TI_CTS_RO_PINOSC_TA0_WDTp_HAL)
                  0000e12a    00000096     main.obj (.text:main)
                  0000e1c0    0000001e     rts430.lib : boot.obj (.text:_c_int00_noinit_noexit)
                  0000e1de    0000001c     main.obj (.text:sleep)
                  0000e1fa    00000014     main.obj (.text:ISR_Timer0_A0)
                  0000e20e    00000010     rts430.lib : epilog.obj (.text)
                  0000e21e    0000000e     CTS_Layer.obj (.text:TI_CAPT_Raw)
                  0000e22c    00000008     CTS_HAL.obj (.text:watchdog_timer)
                  0000e234    00000004     rts430.lib : pre_init.obj (.text:_system_pre_init)
                  0000e238    00000004                : exit.obj (.text:abort)
                  0000e23c    00000002                : _lock.obj (.text:_nop)

.const     0    0000e23e    00000016     
                  0000e23e    00000016     structure.obj (.const)

.int09     0    0000fff2    00000002     
                  0000fff2    00000002     main.obj (.int09)

.int10     0    0000fff4    00000002     
                  0000fff4    00000002     CTS_HAL.obj (.int10)

.reset     0    0000fffe    00000002     
                  0000fffe    00000002     rts430.lib : boot.obj (.reset)


GLOBAL SYMBOLS: SORTED ALPHABETICALLY BY Name 

address    name
--------   ----
00000200   .bss
0000e000   .text
0000004a   ADC10AE0
000001b0   ADC10CTL0
000001b2   ADC10CTL1
00000048   ADC10DTC0
00000049   ADC10DTC1
000001b4   ADC10MEM
000001bc   ADC10SA
00000057   BCSCTL1
00000058   BCSCTL2
00000053   BCSCTL3
0000e238   C$$EXIT
00000059   CACTL1
0000005a   CACTL2
000010fb   CALBC1_12MHZ
000010f9   CALBC1_16MHZ
000010ff   CALBC1_1MHZ
000010fd   CALBC1_8MHZ
000010fa   CALDCO_12MHZ
000010f8   CALDCO_16MHZ
000010fe   CALDCO_1MHZ
000010fc   CALDCO_8MHZ
0000005b   CAPD
00000056   DCOCTL
00000128   FCTL1
0000012a   FCTL2
0000012c   FCTL3
00000000   IE1
00000002   IFG1
0000e1fa   ISR_Timer0_A0
00000022   P1DIR
00000025   P1IE
00000024   P1IES
00000023   P1IFG
00000020   P1IN
00000021   P1OUT
00000027   P1REN
00000026   P1SEL
00000041   P1SEL2
0000002a   P2DIR
0000002d   P2IE
0000002c   P2IES
0000002b   P2IFG
00000028   P2IN
00000029   P2OUT
0000002f   P2REN
0000002e   P2SEL
00000042   P2SEL2
00000172   TA0CCR0
00000174   TA0CCR1
00000176   TA0CCR2
00000162   TA0CCTL0
00000164   TA0CCTL1
00000166   TA0CCTL2
00000160   TA0CTL
0000012e   TA0IV
00000170   TA0R
0000e21e   TI_CAPT_Raw
0000e000   TI_CTS_RO_PINOSC_TA0_WDTp_HAL
0000007a   USICCTL
0000007a   USICKCTL
0000007b   USICNT
00000078   USICTL
00000078   USICTL0
00000079   USICTL1
0000007c   USISR
0000007d   USISRH
0000007c   USISRL
00000120   WDTCTL
00000300   __STACK_END
00000050   __STACK_SIZE
00000001   __TI_args_main
00000001   __TI_auto_init
00000001   __TI_exit
ffffffff   __binit__
00000200   __bss__
ffffffff   __c_args__
ffffffff   __cinit__
00000212   __end__
0000e23e   __etext__
ffffffff   __pinit__
0000e000   __text__
0000e1c0   _c_int00
0000e1c0   _c_int00_noinit_noexit
0000020e   _cleanup_ptr
00000210   _dtors_ptr
0000020a   _lock
0000e23c   _nop
0000fffe   _reset_vector
000002b0   _stack
0000e234   _system_pre_init
0000020c   _unlock
0000e238   abort
00000200   base_cnt
ffffffff   binit
ffffffff   cinit
00000208   cycles
00000204   delta_cnt
00000212   end
0000e23e   etext
0000e21a   func_epilog_1
0000e218   func_epilog_2
0000e216   func_epilog_3
0000e214   func_epilog_4
0000e212   func_epilog_5
0000e210   func_epilog_6
0000e20e   func_epilog_7
00000207   key_loc
00000206   key_pressed
0000e12a   main
00000202   meas_cnt
0000e248   middle_button
0000e23e   middle_element
ffffffff   pinit
0000e1de   sleep
0000e22c   watchdog_timer


GLOBAL SYMBOLS: SORTED BY Symbol Address 

address    name
--------   ----
00000000   IE1
00000001   __TI_args_main
00000001   __TI_auto_init
00000001   __TI_exit
00000002   IFG1
00000020   P1IN
00000021   P1OUT
00000022   P1DIR
00000023   P1IFG
00000024   P1IES
00000025   P1IE
00000026   P1SEL
00000027   P1REN
00000028   P2IN
00000029   P2OUT
0000002a   P2DIR
0000002b   P2IFG
0000002c   P2IES
0000002d   P2IE
0000002e   P2SEL
0000002f   P2REN
00000041   P1SEL2
00000042   P2SEL2
00000048   ADC10DTC0
00000049   ADC10DTC1
0000004a   ADC10AE0
00000050   __STACK_SIZE
00000053   BCSCTL3
00000056   DCOCTL
00000057   BCSCTL1
00000058   BCSCTL2
00000059   CACTL1
0000005a   CACTL2
0000005b   CAPD
00000078   USICTL
00000078   USICTL0
00000079   USICTL1
0000007a   USICCTL
0000007a   USICKCTL
0000007b   USICNT
0000007c   USISR
0000007c   USISRL
0000007d   USISRH
00000120   WDTCTL
00000128   FCTL1
0000012a   FCTL2
0000012c   FCTL3
0000012e   TA0IV
00000160   TA0CTL
00000162   TA0CCTL0
00000164   TA0CCTL1
00000166   TA0CCTL2
00000170   TA0R
00000172   TA0CCR0
00000174   TA0CCR1
00000176   TA0CCR2
000001b0   ADC10CTL0
000001b2   ADC10CTL1
000001b4   ADC10MEM
000001bc   ADC10SA
00000200   .bss
00000200   __bss__
00000200   base_cnt
00000202   meas_cnt
00000204   delta_cnt
00000206   key_pressed
00000207   key_loc
00000208   cycles
0000020a   _lock
0000020c   _unlock
0000020e   _cleanup_ptr
00000210   _dtors_ptr
00000212   __end__
00000212   end
000002b0   _stack
00000300   __STACK_END
000010f8   CALDCO_16MHZ
000010f9   CALBC1_16MHZ
000010fa   CALDCO_12MHZ
000010fb   CALBC1_12MHZ
000010fc   CALDCO_8MHZ
000010fd   CALBC1_8MHZ
000010fe   CALDCO_1MHZ
000010ff   CALBC1_1MHZ
0000e000   .text
0000e000   TI_CTS_RO_PINOSC_TA0_WDTp_HAL
0000e000   __text__
0000e12a   main
0000e1c0   _c_int00
0000e1c0   _c_int00_noinit_noexit
0000e1de   sleep
0000e1fa   ISR_Timer0_A0
0000e20e   func_epilog_7
0000e210   func_epilog_6
0000e212   func_epilog_5
0000e214   func_epilog_4
0000e216   func_epilog_3
0000e218   func_epilog_2
0000e21a   func_epilog_1
0000e21e   TI_CAPT_Raw
0000e22c   watchdog_timer
0000e234   _system_pre_init
0000e238   C$$EXIT
0000e238   abort
0000e23c   _nop
0000e23e   __etext__
0000e23e   etext
0000e23e   middle_element
0000e248   middle_button
0000fffe   _reset_vector
ffffffff   __binit__
ffffffff   __c_args__
ffffffff   __cinit__
ffffffff   __pinit__
ffffffff   binit
ffffffff   cinit
ffffffff   pinit

[117 symbols]
